0 verbose cli C:\Program Files\nodejs\node.exe C:\Program Files\nodejs\node_modules\npm\bin\npm-cli.js
1 info using npm@11.6.2
2 info using node@v24.11.1
3 silly config load:file:C:\Program Files\nodejs\node_modules\npm\npmrc
4 silly config load:file:C:\Users\Juan David\TiendaVirtual\backend\.npmrc
5 silly config load:file:C:\Users\Juan David\.npmrc
6 silly config load:file:C:\Users\Juan David\AppData\Roaming\npm\etc\npmrc
7 verbose title npm install dotenv
8 verbose argv "install" "dotenv"
9 verbose logfile logs-max:10 dir:C:\Users\Juan David\TiendaVirtual\backend\%USERPROFILE%\AppData\Local\npm-cache\_logs\2025-12-16T21_13_52_281Z-
10 verbose logfile C:\Users\Juan David\TiendaVirtual\backend\%USERPROFILE%\AppData\Local\npm-cache\_logs\2025-12-16T21_13_52_281Z-debug-0.log
11 silly logfile done cleaning log files
12 silly packumentCache heap:2348810240 maxSize:587202560 maxEntrySize:293601280
13 silly idealTree buildDeps
14 silly fetch manifest dotenv@*
15 silly packumentCache full:https://registry.npmjs.org/dotenv cache-miss
16 http fetch GET 200 https://registry.npmjs.org/dotenv 519ms (cache miss)
17 silly packumentCache full:https://registry.npmjs.org/dotenv set size:undefined disposed:false
18 silly placeDep ROOT dotenv@17.2.3 OK for: backend@0.0.0 want: *
19 silly reify moves {}
20 silly audit bulk request {
20 silly audit   accepts: [ '1.3.8' ],
20 silly audit   acorn: [ '2.7.0', '1.2.2' ],
20 silly audit   'acorn-globals': [ '1.0.9' ],
20 silly audit   'align-text': [ '0.1.4' ],
20 silly audit   amdefine: [ '1.0.1' ],
20 silly audit   'array-flatten': [ '1.1.1' ],
20 silly audit   asap: [ '1.0.0' ],
20 silly audit   'aws-ssl-profiles': [ '1.1.2' ],
20 silly audit   'basic-auth': [ '2.0.1' ],
20 silly audit   bcryptjs: [ '3.0.3' ],
20 silly audit   'body-parser': [ '1.18.3' ],
20 silly audit   'buffer-equal-constant-time': [ '1.0.1' ],
20 silly audit   bytes: [ '3.0.0' ],
20 silly audit   camelcase: [ '1.2.1' ],
20 silly audit   'center-align': [ '0.1.3' ],
20 silly audit   'character-parser': [ '1.2.1' ],
20 silly audit   'clean-css': [ '3.4.28' ],
20 silly audit   commander: [ '2.8.1', '2.6.0' ],
20 silly audit   cliui: [ '2.1.0' ],
20 silly audit   constantinople: [ '3.0.2' ],
20 silly audit   'content-disposition': [ '0.5.2' ],
20 silly audit   'content-type': [ '1.0.5' ],
20 silly audit   cookie: [ '0.7.2', '0.3.1' ],
20 silly audit   'cookie-parser': [ '1.4.7' ],
20 silly audit   'cookie-signature': [ '1.0.6' ],
20 silly audit   cors: [ '2.8.5' ],
20 silly audit   css: [ '1.0.8' ],
20 silly audit   'css-parse': [ '1.0.4' ],
20 silly audit   'css-stringify': [ '1.0.5' ],
20 silly audit   debug: [ '2.6.9' ],
20 silly audit   decamelize: [ '1.2.0' ],
20 silly audit   denque: [ '2.1.0' ],
20 silly audit   depd: [ '1.1.2' ],
20 silly audit   destroy: [ '1.0.4' ],
20 silly audit   'ecdsa-sig-formatter': [ '1.0.11' ],
20 silly audit   'ee-first': [ '1.1.1' ],
20 silly audit   encodeurl: [ '1.0.2' ],
20 silly audit   'escape-html': [ '1.0.3' ],
20 silly audit   etag: [ '1.8.1' ],
20 silly audit   express: [ '4.16.4' ],
20 silly audit   finalhandler: [ '1.1.1' ],
20 silly audit   forwarded: [ '0.2.0' ],
20 silly audit   fresh: [ '0.5.2' ],
20 silly audit   'generate-function': [ '2.3.1' ],
20 silly audit   'graceful-readlink': [ '1.0.1' ],
20 silly audit   'http-errors': [ '1.6.3' ],
20 silly audit   'iconv-lite': [ '0.4.23', '0.7.0' ],
20 silly audit   inherits: [ '2.0.3' ],
20 silly audit   'ipaddr.js': [ '1.9.1' ],
20 silly audit   'is-buffer': [ '1.1.6' ],
20 silly audit   'is-promise': [ '2.2.2', '1.0.1' ],
20 silly audit   'is-property': [ '1.0.2' ],
20 silly audit   jade: [ '1.11.0' ],
20 silly audit   jsonwebtoken: [ '9.0.3' ],
20 silly audit   ms: [ '2.1.3', '2.0.0' ],
20 silly audit   jstransformer: [ '0.0.2' ],
20 silly audit   jwa: [ '2.0.1' ],
20 silly audit   jws: [ '4.0.1' ],
20 silly audit   'kind-of': [ '3.2.2' ],
20 silly audit   'lazy-cache': [ '1.0.4' ],
20 silly audit   'lodash.includes': [ '4.3.0' ],
20 silly audit   'lodash.isboolean': [ '3.0.3' ],
20 silly audit   'lodash.isinteger': [ '4.0.4' ],
20 silly audit   'lodash.isnumber': [ '3.0.3' ],
20 silly audit   'lodash.isplainobject': [ '4.0.6' ],
20 silly audit   'lodash.isstring': [ '4.0.1' ],
20 silly audit   'lodash.once': [ '4.1.1' ],
20 silly audit   long: [ '5.3.2' ],
20 silly audit   longest: [ '1.0.1' ],
20 silly audit   'lru.min': [ '1.1.3' ],
20 silly audit   'media-typer': [ '0.3.0' ],
20 silly audit   'merge-descriptors': [ '1.0.1' ],
20 silly audit   methods: [ '1.1.2' ],
20 silly audit   mime: [ '1.4.1' ],
20 silly audit   'mime-db': [ '1.52.0' ],
20 silly audit   'mime-types': [ '2.1.35' ],
20 silly audit   minimist: [ '1.2.8' ],
20 silly audit   mkdirp: [ '0.5.6' ],
20 silly audit   morgan: [ '1.9.1' ],
20 silly audit   mysql2: [ '3.15.3' ],
20 silly audit   'named-placeholders': [ '1.1.4' ],
20 silly audit   negotiator: [ '0.6.3' ],
20 silly audit   'object-assign': [ '4.1.1' ],
20 silly audit   'on-finished': [ '2.3.0' ],
20 silly audit   'on-headers': [ '1.0.2' ],
20 silly audit   optimist: [ '0.3.7' ],
20 silly audit   parseurl: [ '1.3.3' ],
20 silly audit   'path-to-regexp': [ '0.1.7' ],
20 silly audit   promise: [ '6.1.0', '2.0.0' ],
20 silly audit   'proxy-addr': [ '2.0.7' ],
20 silly audit   qs: [ '6.5.2' ],
20 silly audit   'range-parser': [ '1.2.1' ],
20 silly audit   'raw-body': [ '2.3.3' ],
20 silly audit   'repeat-string': [ '1.6.1' ],
20 silly audit   'right-align': [ '0.1.3' ],
20 silly audit   'safe-buffer': [ '5.1.2' ],
20 silly audit   'safer-buffer': [ '2.1.2' ],
20 silly audit   semver: [ '7.7.3' ],
20 silly audit   send: [ '0.16.2' ],
20 silly audit   'seq-queue': [ '0.0.5' ],
20 silly audit   'serve-static': [ '1.13.2' ],
20 silly audit   setprototypeof: [ '1.1.0' ],
20 silly audit   'source-map': [ '0.4.4', '0.1.43', '0.5.7' ],
20 silly audit   sqlstring: [ '2.3.3' ],
20 silly audit   statuses: [ '1.4.0' ],
20 silly audit   transformers: [ '2.1.0' ],
20 silly audit   'uglify-js': [ '2.2.5', '2.8.29' ],
20 silly audit   'type-is': [ '1.6.18' ],
20 silly audit   'uglify-to-browserify': [ '1.0.2' ],
20 silly audit   unpipe: [ '1.0.0' ],
20 silly audit   'utils-merge': [ '1.0.1' ],
20 silly audit   vary: [ '1.1.2' ],
20 silly audit   'void-elements': [ '2.0.1' ],
20 silly audit   'window-size': [ '0.1.0' ],
20 silly audit   with: [ '4.0.3' ],
20 silly audit   wordwrap: [ '0.0.2' ],
20 silly audit   yargs: [ '3.10.0' ],
20 silly audit   dotenv: [ '17.2.3' ]
20 silly audit }
21 http cache dotenv@https://registry.npmjs.org/dotenv/-/dotenv-17.2.3.tgz 0ms (cache hit)
22 silly tarball no local data for dotenv@https://registry.npmjs.org/dotenv/-/dotenv-17.2.3.tgz. Extracting by manifest.
23 http fetch POST 200 https://registry.npmjs.org/-/npm/v1/security/advisories/bulk 161ms
24 silly audit report {
24 silly audit report   'body-parser': [
24 silly audit report     {
24 silly audit report       id: 1099520,
24 silly audit report       url: 'https://github.com/advisories/GHSA-qwcr-r2fm-qrc7',
24 silly audit report       title: 'body-parser vulnerable to denial of service when url encoding is enabled',
24 silly audit report       severity: 'high',
24 silly audit report       vulnerable_versions: '<1.20.3',
24 silly audit report       cwe: [Array],
24 silly audit report       cvss: [Object]
24 silly audit report     }
24 silly audit report   ],
24 silly audit report   'clean-css': [
24 silly audit report     {
24 silly audit report       id: 1091669,
24 silly audit report       url: 'https://github.com/advisories/GHSA-wxhq-pm8v-cw75',
24 silly audit report       title: 'Regular Expression Denial of Service in clean-css',
24 silly audit report       severity: 'low',
24 silly audit report       vulnerable_versions: '<4.1.11',
24 silly audit report       cwe: [Array],
24 silly audit report       cvss: [Object]
24 silly audit report     }
24 silly audit report   ],
24 silly audit report   constantinople: [
24 silly audit report     {
24 silly audit report       id: 1090850,
24 silly audit report       url: 'https://github.com/advisories/GHSA-4vmm-mhcq-4x9j',
24 silly audit report       title: 'Sandbox Bypass Leading to Arbitrary Code Execution in constantinople',
24 silly audit report       severity: 'critical',
24 silly audit report       vulnerable_versions: '<3.1.1',
24 silly audit report       cwe: [],
24 silly audit report       cvss: [Object]
24 silly audit report     }
24 silly audit report   ],
24 silly audit report   cookie: [
24 silly audit report     {
24 silly audit report       id: 1103907,
24 silly audit report       url: 'https://github.com/advisories/GHSA-pxg6-pf52-xh8x',
24 silly audit report       title: 'cookie accepts cookie name, path, and domain with out of bounds characters',
24 silly audit report       severity: 'low',
24 silly audit report       vulnerable_versions: '<0.7.0',
24 silly audit report       cwe: [Array],
24 silly audit report       cvss: [Object]
24 silly audit report     }
24 silly audit report   ],
24 silly audit report   express: [
24 silly audit report     {
24 silly audit report       id: 1100530,
24 silly audit report       url: 'https://github.com/advisories/GHSA-qw6h-vgh9-j6wx',
24 silly audit report       title: 'express vulnerable to XSS via response.redirect()',
24 silly audit report       severity: 'low',
24 silly audit report       vulnerable_versions: '<4.20.0',
24 silly audit report       cwe: [Array],
24 silly audit report       cvss: [Object]
24 silly audit report     },
24 silly audit report     {
24 silly audit report       id: 1096820,
24 silly audit report       url: 'https://github.com/advisories/GHSA-rv95-896h-c2vc',
24 silly audit report       title: 'Express.js Open Redirect in malformed URLs',
24 silly audit report       severity: 'moderate',
24 silly audit report       vulnerable_versions: '<4.19.2',
24 silly audit report       cwe: [Array],
24 silly audit report       cvss: [Object]
24 silly audit report     }
24 silly audit report   ],
24 silly audit report   'on-headers': [
24 silly audit report     {
24 silly audit report       id: 1106812,
24 silly audit report       url: 'https://github.com/advisories/GHSA-76c9-3jph-rj3q',
24 silly audit report       title: 'on-headers is vulnerable to http response header manipulation',
24 silly audit report       severity: 'low',
24 silly audit report       vulnerable_versions: '<1.1.0',
24 silly audit report       cwe: [Array],
24 silly audit report       cvss: [Object]
24 silly audit report     }
24 silly audit report   ],
24 silly audit report   'path-to-regexp': [
24 silly audit report     {
24 silly audit report       id: 1101850,
24 silly audit report       url: 'https://github.com/advisories/GHSA-9wv6-86v2-598j',
24 silly audit report       title: 'path-to-regexp outputs backtracking regular expressions',
24 silly audit report       severity: 'high',
24 silly audit report       vulnerable_versions: '<0.1.10',
24 silly audit report       cwe: [Array],
24 silly audit report       cvss: [Object]
24 silly audit report     },
24 silly audit report     {
24 silly audit report       id: 1105199,
24 silly audit report       url: 'https://github.com/advisories/GHSA-rhx6-c78j-4q9w',
24 silly audit report       title: 'path-to-regexp contains a ReDoS',
24 silly audit report       severity: 'high',
24 silly audit report       vulnerable_versions: '<0.1.12',
24 silly audit report       cwe: [Array],
24 silly audit report       cvss: [Object]
24 silly audit report     }
24 silly audit report   ],
24 silly audit report   qs: [
24 silly audit report     {
24 silly audit report       id: 1104118,
24 silly audit report       url: 'https://github.com/advisories/GHSA-hrpp-h998-j3pp',
24 silly audit report       title: 'qs vulnerable to Prototype Pollution',
24 silly audit report       severity: 'high',
24 silly audit report       vulnerable_versions: '>=6.5.0 <6.5.3',
24 silly audit report       cwe: [Array],
24 silly audit report       cvss: [Object]
24 silly audit report     }
24 silly audit report   ],
24 silly audit report   send: [
24 silly audit report     {
24 silly audit report       id: 1109556,
24 silly audit report       url: 'https://github.com/advisories/GHSA-m6fv-jmcg-4jfg',
24 silly audit report       title: 'send vulnerable to template injection that can lead to XSS',
24 silly audit report       severity: 'low',
24 silly audit report       vulnerable_versions: '<0.19.0',
24 silly audit report       cwe: [Array],
24 silly audit report       cvss: [Object]
24 silly audit report     }
24 silly audit report   ],
24 silly audit report   'serve-static': [
24 silly audit report     {
24 silly audit report       id: 1100528,
24 silly audit report       url: 'https://github.com/advisories/GHSA-cm22-4g7w-348p',
24 silly audit report       title: 'serve-static vulnerable to template injection that can lead to XSS',
24 silly audit report       severity: 'low',
24 silly audit report       vulnerable_versions: '<1.16.0',
24 silly audit report       cwe: [Array],
24 silly audit report       cvss: [Object]
24 silly audit report     }
24 silly audit report   ],
24 silly audit report   'uglify-js': [
24 silly audit report     {
24 silly audit report       id: 1091686,
24 silly audit report       url: 'https://github.com/advisories/GHSA-c9f4-xj24-8jqx',
24 silly audit report       title: 'Regular Expression Denial of Service in uglify-js',
24 silly audit report       severity: 'high',
24 silly audit report       vulnerable_versions: '<2.6.0',
24 silly audit report       cwe: [Array],
24 silly audit report       cvss: [Object]
24 silly audit report     },
24 silly audit report     {
24 silly audit report       id: 1091710,
24 silly audit report       url: 'https://github.com/advisories/GHSA-34r7-q49f-h37c',
24 silly audit report       title: 'Incorrect Handling of Non-Boolean Comparisons During Minification in uglify-js',
24 silly audit report       severity: 'critical',
24 silly audit report       vulnerable_versions: '<2.4.24',
24 silly audit report       cwe: [Array],
24 silly audit report       cvss: [Object]
24 silly audit report     }
24 silly audit report   ]
24 silly audit report }
25 silly packumentCache corgi:https://registry.npmjs.org/body-parser cache-miss
26 silly packumentCache corgi:https://registry.npmjs.org/clean-css cache-miss
27 silly packumentCache corgi:https://registry.npmjs.org/constantinople cache-miss
28 silly packumentCache corgi:https://registry.npmjs.org/cookie cache-miss
29 silly packumentCache corgi:https://registry.npmjs.org/express cache-miss
30 silly packumentCache corgi:https://registry.npmjs.org/on-headers cache-miss
31 silly packumentCache corgi:https://registry.npmjs.org/path-to-regexp cache-miss
32 silly packumentCache corgi:https://registry.npmjs.org/qs cache-miss
33 silly packumentCache corgi:https://registry.npmjs.org/send cache-miss
34 silly packumentCache corgi:https://registry.npmjs.org/serve-static cache-miss
35 silly packumentCache corgi:https://registry.npmjs.org/uglify-js cache-miss
36 http fetch GET 200 https://registry.npmjs.org/dotenv/-/dotenv-17.2.3.tgz 221ms (cache miss)
37 http fetch GET 200 https://registry.npmjs.org/constantinople 127ms (cache revalidated)
38 silly packumentCache corgi:https://registry.npmjs.org/constantinople set size:10310 disposed:false
39 http fetch GET 200 https://registry.npmjs.org/on-headers 220ms (cache revalidated)
40 silly packumentCache corgi:https://registry.npmjs.org/on-headers set size:4386 disposed:false
41 http fetch GET 200 https://registry.npmjs.org/serve-static 226ms (cache revalidated)
42 silly packumentCache corgi:https://registry.npmjs.org/serve-static set size:58234 disposed:false
43 http fetch GET 200 https://registry.npmjs.org/body-parser 231ms (cache revalidated)
44 silly packumentCache corgi:https://registry.npmjs.org/body-parser set size:76685 disposed:false
45 http fetch GET 200 https://registry.npmjs.org/cookie 237ms (cache revalidated)
46 silly packumentCache corgi:https://registry.npmjs.org/cookie set size:23677 disposed:false
47 http fetch GET 200 https://registry.npmjs.org/qs 236ms (cache revalidated)
48 silly packumentCache corgi:https://registry.npmjs.org/qs set size:109860 disposed:false
49 http fetch GET 200 https://registry.npmjs.org/path-to-regexp 239ms (cache revalidated)
50 silly packumentCache corgi:https://registry.npmjs.org/path-to-regexp set size:63416 disposed:false
51 http fetch GET 200 https://registry.npmjs.org/express 248ms (cache revalidated)
52 silly packumentCache corgi:https://registry.npmjs.org/express set size:337735 disposed:false
53 http fetch GET 200 https://registry.npmjs.org/send 272ms (cache revalidated)
54 silly packumentCache corgi:https://registry.npmjs.org/send set size:63171 disposed:false
55 http fetch GET 200 https://registry.npmjs.org/clean-css 278ms (cache revalidated)
56 silly packumentCache corgi:https://registry.npmjs.org/clean-css set size:160656 disposed:false
57 http fetch GET 200 https://registry.npmjs.org/uglify-js 344ms (cache revalidated)
58 silly packumentCache corgi:https://registry.npmjs.org/uglify-js set size:295129 disposed:false
59 silly packumentCache corgi:https://registry.npmjs.org/jade cache-miss
60 http fetch GET 200 https://registry.npmjs.org/jade 110ms (cache revalidated)
61 silly packumentCache corgi:https://registry.npmjs.org/jade set size:107371 disposed:false
62 silly packumentCache corgi:https://registry.npmjs.org/morgan cache-miss
63 http fetch GET 200 https://registry.npmjs.org/morgan 69ms (cache revalidated)
64 silly packumentCache corgi:https://registry.npmjs.org/morgan set size:21617 disposed:false
65 silly packumentCache corgi:https://registry.npmjs.org/transformers cache-miss
66 http fetch GET 200 https://registry.npmjs.org/transformers 65ms (cache revalidated)
67 silly packumentCache corgi:https://registry.npmjs.org/transformers set size:22960 disposed:false
68 silly ADD node_modules/dotenv
69 verbose cwd C:\Users\Juan David\TiendaVirtual\backend
70 verbose os Windows_NT 10.0.26200
71 verbose node v24.11.1
72 verbose npm  v11.6.2
73 verbose exit 0
74 info ok
