0 verbose cli C:\Program Files\nodejs\node.exe C:\Program Files\nodejs\node_modules\npm\bin\npm-cli.js
1 info using npm@11.6.2
2 info using node@v24.11.1
3 silly config load:file:C:\Program Files\nodejs\node_modules\npm\npmrc
4 silly config load:file:C:\Users\Juan David\TiendaVirtual\backend\.npmrc
5 silly config load:file:C:\Users\Juan David\.npmrc
6 silly config load:file:C:\Users\Juan David\AppData\Roaming\npm\etc\npmrc
7 verbose title npm install jsonwebtoken
8 verbose argv "install" "jsonwebtoken"
9 verbose logfile logs-max:10 dir:C:\Users\Juan David\TiendaVirtual\backend\%USERPROFILE%\AppData\Local\npm-cache\_logs\2025-12-16T21_01_38_658Z-
10 verbose logfile C:\Users\Juan David\TiendaVirtual\backend\%USERPROFILE%\AppData\Local\npm-cache\_logs\2025-12-16T21_01_38_658Z-debug-0.log
11 silly logfile done cleaning log files
12 silly packumentCache heap:2348810240 maxSize:587202560 maxEntrySize:293601280
13 silly idealTree buildDeps
14 silly fetch manifest jsonwebtoken@^9.0.3
15 silly packumentCache full:https://registry.npmjs.org/jsonwebtoken cache-miss
16 http fetch GET 200 https://registry.npmjs.org/npm 277ms
17 http fetch GET 200 https://registry.npmjs.org/jsonwebtoken 278ms (cache miss)
18 silly packumentCache full:https://registry.npmjs.org/jsonwebtoken set size:undefined disposed:false
19 silly placeDep ROOT jsonwebtoken@9.0.3 REPLACE for: backend@0.0.0 want: ^9.0.3
20 silly reify moves {}
21 silly audit bulk request {
21 silly audit   accepts: [ '1.3.8' ],
21 silly audit   acorn: [ '2.7.0', '1.2.2' ],
21 silly audit   'acorn-globals': [ '1.0.9' ],
21 silly audit   'align-text': [ '0.1.4' ],
21 silly audit   amdefine: [ '1.0.1' ],
21 silly audit   'array-flatten': [ '1.1.1' ],
21 silly audit   asap: [ '1.0.0' ],
21 silly audit   'aws-ssl-profiles': [ '1.1.2' ],
21 silly audit   'basic-auth': [ '2.0.1' ],
21 silly audit   bcryptjs: [ '3.0.3' ],
21 silly audit   'body-parser': [ '1.18.3' ],
21 silly audit   'buffer-equal-constant-time': [ '1.0.1' ],
21 silly audit   bytes: [ '3.0.0' ],
21 silly audit   camelcase: [ '1.2.1' ],
21 silly audit   'center-align': [ '0.1.3' ],
21 silly audit   'character-parser': [ '1.2.1' ],
21 silly audit   'clean-css': [ '3.4.28' ],
21 silly audit   commander: [ '2.8.1', '2.6.0' ],
21 silly audit   cliui: [ '2.1.0' ],
21 silly audit   constantinople: [ '3.0.2' ],
21 silly audit   'content-disposition': [ '0.5.2' ],
21 silly audit   'content-type': [ '1.0.5' ],
21 silly audit   cookie: [ '0.7.2', '0.3.1' ],
21 silly audit   'cookie-parser': [ '1.4.7' ],
21 silly audit   'cookie-signature': [ '1.0.6' ],
21 silly audit   cors: [ '2.8.5' ],
21 silly audit   css: [ '1.0.8' ],
21 silly audit   'css-parse': [ '1.0.4' ],
21 silly audit   'css-stringify': [ '1.0.5' ],
21 silly audit   debug: [ '2.6.9' ],
21 silly audit   decamelize: [ '1.2.0' ],
21 silly audit   denque: [ '2.1.0' ],
21 silly audit   depd: [ '1.1.2' ],
21 silly audit   destroy: [ '1.0.4' ],
21 silly audit   'ecdsa-sig-formatter': [ '1.0.11' ],
21 silly audit   'ee-first': [ '1.1.1' ],
21 silly audit   encodeurl: [ '1.0.2' ],
21 silly audit   'escape-html': [ '1.0.3' ],
21 silly audit   etag: [ '1.8.1' ],
21 silly audit   express: [ '4.16.4' ],
21 silly audit   finalhandler: [ '1.1.1' ],
21 silly audit   forwarded: [ '0.2.0' ],
21 silly audit   fresh: [ '0.5.2' ],
21 silly audit   'generate-function': [ '2.3.1' ],
21 silly audit   'graceful-readlink': [ '1.0.1' ],
21 silly audit   'http-errors': [ '1.6.3' ],
21 silly audit   'iconv-lite': [ '0.4.23', '0.7.0' ],
21 silly audit   inherits: [ '2.0.3' ],
21 silly audit   'ipaddr.js': [ '1.9.1' ],
21 silly audit   'is-buffer': [ '1.1.6' ],
21 silly audit   'is-promise': [ '2.2.2', '1.0.1' ],
21 silly audit   'is-property': [ '1.0.2' ],
21 silly audit   jade: [ '1.11.0' ],
21 silly audit   ms: [ '2.0.0', '2.1.3' ],
21 silly audit   jstransformer: [ '0.0.2' ],
21 silly audit   jwa: [ '2.0.1' ],
21 silly audit   jws: [ '4.0.1' ],
21 silly audit   'kind-of': [ '3.2.2' ],
21 silly audit   'lazy-cache': [ '1.0.4' ],
21 silly audit   'lodash.includes': [ '4.3.0' ],
21 silly audit   'lodash.isboolean': [ '3.0.3' ],
21 silly audit   'lodash.isinteger': [ '4.0.4' ],
21 silly audit   'lodash.isnumber': [ '3.0.3' ],
21 silly audit   'lodash.isplainobject': [ '4.0.6' ],
21 silly audit   'lodash.isstring': [ '4.0.1' ],
21 silly audit   'lodash.once': [ '4.1.1' ],
21 silly audit   long: [ '5.3.2' ],
21 silly audit   longest: [ '1.0.1' ],
21 silly audit   'lru.min': [ '1.1.3' ],
21 silly audit   'media-typer': [ '0.3.0' ],
21 silly audit   'merge-descriptors': [ '1.0.1' ],
21 silly audit   methods: [ '1.1.2' ],
21 silly audit   mime: [ '1.4.1' ],
21 silly audit   'mime-db': [ '1.52.0' ],
21 silly audit   'mime-types': [ '2.1.35' ],
21 silly audit   minimist: [ '1.2.8' ],
21 silly audit   mkdirp: [ '0.5.6' ],
21 silly audit   morgan: [ '1.9.1' ],
21 silly audit   mysql2: [ '3.15.3' ],
21 silly audit   'named-placeholders': [ '1.1.4' ],
21 silly audit   negotiator: [ '0.6.3' ],
21 silly audit   'object-assign': [ '4.1.1' ],
21 silly audit   'on-finished': [ '2.3.0' ],
21 silly audit   'on-headers': [ '1.0.2' ],
21 silly audit   optimist: [ '0.3.7' ],
21 silly audit   parseurl: [ '1.3.3' ],
21 silly audit   'path-to-regexp': [ '0.1.7' ],
21 silly audit   promise: [ '6.1.0', '2.0.0' ],
21 silly audit   'proxy-addr': [ '2.0.7' ],
21 silly audit   qs: [ '6.5.2' ],
21 silly audit   'range-parser': [ '1.2.1' ],
21 silly audit   'raw-body': [ '2.3.3' ],
21 silly audit   'repeat-string': [ '1.6.1' ],
21 silly audit   'right-align': [ '0.1.3' ],
21 silly audit   'safe-buffer': [ '5.1.2' ],
21 silly audit   'safer-buffer': [ '2.1.2' ],
21 silly audit   semver: [ '7.7.3' ],
21 silly audit   send: [ '0.16.2' ],
21 silly audit   'seq-queue': [ '0.0.5' ],
21 silly audit   'serve-static': [ '1.13.2' ],
21 silly audit   setprototypeof: [ '1.1.0' ],
21 silly audit   'source-map': [ '0.4.4', '0.1.43', '0.5.7' ],
21 silly audit   sqlstring: [ '2.3.3' ],
21 silly audit   statuses: [ '1.4.0' ],
21 silly audit   transformers: [ '2.1.0' ],
21 silly audit   'uglify-js': [ '2.2.5', '2.8.29' ],
21 silly audit   'type-is': [ '1.6.18' ],
21 silly audit   'uglify-to-browserify': [ '1.0.2' ],
21 silly audit   unpipe: [ '1.0.0' ],
21 silly audit   'utils-merge': [ '1.0.1' ],
21 silly audit   vary: [ '1.1.2' ],
21 silly audit   'void-elements': [ '2.0.1' ],
21 silly audit   'window-size': [ '0.1.0' ],
21 silly audit   with: [ '4.0.3' ],
21 silly audit   wordwrap: [ '0.0.2' ],
21 silly audit   yargs: [ '3.10.0' ],
21 silly audit   jsonwebtoken: [ '9.0.3' ]
21 silly audit }
22 http fetch POST 200 https://registry.npmjs.org/-/npm/v1/security/advisories/bulk 157ms
23 silly audit report {
23 silly audit report   'body-parser': [
23 silly audit report     {
23 silly audit report       id: 1099520,
23 silly audit report       url: 'https://github.com/advisories/GHSA-qwcr-r2fm-qrc7',
23 silly audit report       title: 'body-parser vulnerable to denial of service when url encoding is enabled',
23 silly audit report       severity: 'high',
23 silly audit report       vulnerable_versions: '<1.20.3',
23 silly audit report       cwe: [Array],
23 silly audit report       cvss: [Object]
23 silly audit report     }
23 silly audit report   ],
23 silly audit report   'clean-css': [
23 silly audit report     {
23 silly audit report       id: 1091669,
23 silly audit report       url: 'https://github.com/advisories/GHSA-wxhq-pm8v-cw75',
23 silly audit report       title: 'Regular Expression Denial of Service in clean-css',
23 silly audit report       severity: 'low',
23 silly audit report       vulnerable_versions: '<4.1.11',
23 silly audit report       cwe: [Array],
23 silly audit report       cvss: [Object]
23 silly audit report     }
23 silly audit report   ],
23 silly audit report   constantinople: [
23 silly audit report     {
23 silly audit report       id: 1090850,
23 silly audit report       url: 'https://github.com/advisories/GHSA-4vmm-mhcq-4x9j',
23 silly audit report       title: 'Sandbox Bypass Leading to Arbitrary Code Execution in constantinople',
23 silly audit report       severity: 'critical',
23 silly audit report       vulnerable_versions: '<3.1.1',
23 silly audit report       cwe: [],
23 silly audit report       cvss: [Object]
23 silly audit report     }
23 silly audit report   ],
23 silly audit report   cookie: [
23 silly audit report     {
23 silly audit report       id: 1103907,
23 silly audit report       url: 'https://github.com/advisories/GHSA-pxg6-pf52-xh8x',
23 silly audit report       title: 'cookie accepts cookie name, path, and domain with out of bounds characters',
23 silly audit report       severity: 'low',
23 silly audit report       vulnerable_versions: '<0.7.0',
23 silly audit report       cwe: [Array],
23 silly audit report       cvss: [Object]
23 silly audit report     }
23 silly audit report   ],
23 silly audit report   express: [
23 silly audit report     {
23 silly audit report       id: 1100530,
23 silly audit report       url: 'https://github.com/advisories/GHSA-qw6h-vgh9-j6wx',
23 silly audit report       title: 'express vulnerable to XSS via response.redirect()',
23 silly audit report       severity: 'low',
23 silly audit report       vulnerable_versions: '<4.20.0',
23 silly audit report       cwe: [Array],
23 silly audit report       cvss: [Object]
23 silly audit report     },
23 silly audit report     {
23 silly audit report       id: 1096820,
23 silly audit report       url: 'https://github.com/advisories/GHSA-rv95-896h-c2vc',
23 silly audit report       title: 'Express.js Open Redirect in malformed URLs',
23 silly audit report       severity: 'moderate',
23 silly audit report       vulnerable_versions: '<4.19.2',
23 silly audit report       cwe: [Array],
23 silly audit report       cvss: [Object]
23 silly audit report     }
23 silly audit report   ],
23 silly audit report   'on-headers': [
23 silly audit report     {
23 silly audit report       id: 1106812,
23 silly audit report       url: 'https://github.com/advisories/GHSA-76c9-3jph-rj3q',
23 silly audit report       title: 'on-headers is vulnerable to http response header manipulation',
23 silly audit report       severity: 'low',
23 silly audit report       vulnerable_versions: '<1.1.0',
23 silly audit report       cwe: [Array],
23 silly audit report       cvss: [Object]
23 silly audit report     }
23 silly audit report   ],
23 silly audit report   'path-to-regexp': [
23 silly audit report     {
23 silly audit report       id: 1101850,
23 silly audit report       url: 'https://github.com/advisories/GHSA-9wv6-86v2-598j',
23 silly audit report       title: 'path-to-regexp outputs backtracking regular expressions',
23 silly audit report       severity: 'high',
23 silly audit report       vulnerable_versions: '<0.1.10',
23 silly audit report       cwe: [Array],
23 silly audit report       cvss: [Object]
23 silly audit report     },
23 silly audit report     {
23 silly audit report       id: 1105199,
23 silly audit report       url: 'https://github.com/advisories/GHSA-rhx6-c78j-4q9w',
23 silly audit report       title: 'path-to-regexp contains a ReDoS',
23 silly audit report       severity: 'high',
23 silly audit report       vulnerable_versions: '<0.1.12',
23 silly audit report       cwe: [Array],
23 silly audit report       cvss: [Object]
23 silly audit report     }
23 silly audit report   ],
23 silly audit report   qs: [
23 silly audit report     {
23 silly audit report       id: 1104118,
23 silly audit report       url: 'https://github.com/advisories/GHSA-hrpp-h998-j3pp',
23 silly audit report       title: 'qs vulnerable to Prototype Pollution',
23 silly audit report       severity: 'high',
23 silly audit report       vulnerable_versions: '>=6.5.0 <6.5.3',
23 silly audit report       cwe: [Array],
23 silly audit report       cvss: [Object]
23 silly audit report     }
23 silly audit report   ],
23 silly audit report   send: [
23 silly audit report     {
23 silly audit report       id: 1109556,
23 silly audit report       url: 'https://github.com/advisories/GHSA-m6fv-jmcg-4jfg',
23 silly audit report       title: 'send vulnerable to template injection that can lead to XSS',
23 silly audit report       severity: 'low',
23 silly audit report       vulnerable_versions: '<0.19.0',
23 silly audit report       cwe: [Array],
23 silly audit report       cvss: [Object]
23 silly audit report     }
23 silly audit report   ],
23 silly audit report   'serve-static': [
23 silly audit report     {
23 silly audit report       id: 1100528,
23 silly audit report       url: 'https://github.com/advisories/GHSA-cm22-4g7w-348p',
23 silly audit report       title: 'serve-static vulnerable to template injection that can lead to XSS',
23 silly audit report       severity: 'low',
23 silly audit report       vulnerable_versions: '<1.16.0',
23 silly audit report       cwe: [Array],
23 silly audit report       cvss: [Object]
23 silly audit report     }
23 silly audit report   ],
23 silly audit report   'uglify-js': [
23 silly audit report     {
23 silly audit report       id: 1091686,
23 silly audit report       url: 'https://github.com/advisories/GHSA-c9f4-xj24-8jqx',
23 silly audit report       title: 'Regular Expression Denial of Service in uglify-js',
23 silly audit report       severity: 'high',
23 silly audit report       vulnerable_versions: '<2.6.0',
23 silly audit report       cwe: [Array],
23 silly audit report       cvss: [Object]
23 silly audit report     },
23 silly audit report     {
23 silly audit report       id: 1091710,
23 silly audit report       url: 'https://github.com/advisories/GHSA-34r7-q49f-h37c',
23 silly audit report       title: 'Incorrect Handling of Non-Boolean Comparisons During Minification in uglify-js',
23 silly audit report       severity: 'critical',
23 silly audit report       vulnerable_versions: '<2.4.24',
23 silly audit report       cwe: [Array],
23 silly audit report       cvss: [Object]
23 silly audit report     }
23 silly audit report   ]
23 silly audit report }
24 silly packumentCache corgi:https://registry.npmjs.org/body-parser cache-miss
25 silly packumentCache corgi:https://registry.npmjs.org/clean-css cache-miss
26 silly packumentCache corgi:https://registry.npmjs.org/constantinople cache-miss
27 silly packumentCache corgi:https://registry.npmjs.org/cookie cache-miss
28 silly packumentCache corgi:https://registry.npmjs.org/express cache-miss
29 silly packumentCache corgi:https://registry.npmjs.org/on-headers cache-miss
30 silly packumentCache corgi:https://registry.npmjs.org/path-to-regexp cache-miss
31 silly packumentCache corgi:https://registry.npmjs.org/qs cache-miss
32 silly packumentCache corgi:https://registry.npmjs.org/send cache-miss
33 silly packumentCache corgi:https://registry.npmjs.org/serve-static cache-miss
34 silly packumentCache corgi:https://registry.npmjs.org/uglify-js cache-miss
35 http fetch GET 200 https://registry.npmjs.org/clean-css 78ms (cache miss)
36 silly packumentCache corgi:https://registry.npmjs.org/clean-css set size:undefined disposed:false
37 http fetch GET 200 https://registry.npmjs.org/body-parser 99ms (cache miss)
38 silly packumentCache corgi:https://registry.npmjs.org/body-parser set size:undefined disposed:false
39 http fetch GET 200 https://registry.npmjs.org/express 232ms (cache miss)
40 silly packumentCache corgi:https://registry.npmjs.org/express set size:undefined disposed:false
41 http fetch GET 200 https://registry.npmjs.org/on-headers 254ms (cache miss)
42 silly packumentCache corgi:https://registry.npmjs.org/on-headers set size:undefined disposed:false
43 http fetch GET 200 https://registry.npmjs.org/cookie 259ms (cache miss)
44 silly packumentCache corgi:https://registry.npmjs.org/cookie set size:undefined disposed:false
45 http fetch GET 200 https://registry.npmjs.org/serve-static 269ms (cache miss)
46 silly packumentCache corgi:https://registry.npmjs.org/serve-static set size:undefined disposed:false
47 http fetch GET 200 https://registry.npmjs.org/qs 274ms (cache miss)
48 silly packumentCache corgi:https://registry.npmjs.org/qs set size:undefined disposed:false
49 http fetch GET 200 https://registry.npmjs.org/path-to-regexp 280ms (cache miss)
50 silly packumentCache corgi:https://registry.npmjs.org/path-to-regexp set size:undefined disposed:false
51 http fetch GET 200 https://registry.npmjs.org/constantinople 286ms (cache miss)
52 silly packumentCache corgi:https://registry.npmjs.org/constantinople set size:undefined disposed:false
53 http fetch GET 200 https://registry.npmjs.org/uglify-js 285ms (cache miss)
54 silly packumentCache corgi:https://registry.npmjs.org/uglify-js set size:undefined disposed:false
55 http fetch GET 200 https://registry.npmjs.org/send 301ms (cache miss)
56 silly packumentCache corgi:https://registry.npmjs.org/send set size:undefined disposed:false
57 silly packumentCache corgi:https://registry.npmjs.org/jade cache-miss
58 http fetch GET 200 https://registry.npmjs.org/jade 110ms (cache miss)
59 silly packumentCache corgi:https://registry.npmjs.org/jade set size:undefined disposed:false
60 silly packumentCache corgi:https://registry.npmjs.org/morgan cache-miss
61 http fetch GET 200 https://registry.npmjs.org/morgan 86ms (cache miss)
62 silly packumentCache corgi:https://registry.npmjs.org/morgan set size:undefined disposed:false
63 silly packumentCache corgi:https://registry.npmjs.org/transformers cache-miss
64 http fetch GET 200 https://registry.npmjs.org/transformers 375ms (cache miss)
65 silly packumentCache corgi:https://registry.npmjs.org/transformers set size:undefined disposed:false
66 verbose cwd C:\Users\Juan David\TiendaVirtual\backend
67 verbose os Windows_NT 10.0.26200
68 verbose node v24.11.1
69 verbose npm  v11.6.2
70 notice
70 notice New [33mminor[39m version of npm available! [33m11.6.2[39m -> [34m11.7.0[39m
70 notice Changelog: [34mhttps://github.com/npm/cli/releases/tag/v11.7.0[39m
70 notice To update run: [4mnpm install -g npm@11.7.0[24m
70 notice  { force: true, Symbol(proc-log.meta): true }
71 verbose exit 0
72 info ok
