0 verbose cli C:\Program Files\nodejs\node.exe C:\Users\Juan David\AppData\Roaming\npm\node_modules\npm\bin\npm-cli.js
1 info using npm@11.10.0
2 info using node@v24.11.1
3 silly config load:file:C:\Users\Juan David\AppData\Roaming\npm\node_modules\npm\npmrc
4 silly config load:file:C:\Users\Juan David\TiendaVirtual\tiendavirtual\.npmrc
5 silly config load:file:C:\Users\Juan David\.npmrc
6 silly config load:file:C:\Users\Juan David\AppData\Roaming\npm\etc\npmrc
7 verbose title npm list tailwindcss
8 verbose argv "list" "tailwindcss"
9 verbose logfile logs-max:10 dir:C:\Users\Juan David\TiendaVirtual\tiendavirtual\%USERPROFILE%\AppData\Local\npm-cache\_logs\2026-02-14T15_46_29_101Z-
10 verbose logfile C:\Users\Juan David\TiendaVirtual\tiendavirtual\%USERPROFILE%\AppData\Local\npm-cache\_logs\2026-02-14T15_46_29_101Z-debug-0.log
11 silly logfile start cleaning logs, removing 1 files
12 silly packumentCache heap:2348810240 maxSize:587202560 maxEntrySize:293601280
13 silly logfile done cleaning log files
14 verbose cwd C:\Users\Juan David\TiendaVirtual\tiendavirtual
15 verbose os Windows_NT 10.0.26200
16 verbose node v24.11.1
17 verbose npm  v11.10.0
18 verbose exit 0
19 info ok
